Copyright 1986-2019 Xilinx, Inc. All Rights Reserved.
-----------------------------------------------------------------------------------------------------------------------------------------------------------------
| Tool Version : Vivado v.2019.2.1 (lin64) Build 2729669 Thu Dec  5 04:48:12 MST 2019
| Date         : Thu Jan 16 18:22:52 2020
| Host         : eric-VivoBook-ASUSLaptop-X412FL-X412FL running 64-bit Ubuntu 19.10
| Command      : report_methodology -file led_blink_methodology_drc_routed.rpt -pb led_blink_methodology_drc_routed.pb -rpx led_blink_methodology_drc_routed.rpx
| Design       : led_blink
| Device       : xc7a35tfgg484-1
| Speed File   : -1
| Design State : Fully Routed
-----------------------------------------------------------------------------------------------------------------------------------------------------------------

Report Methodology

Table of Contents
-----------------
1. REPORT SUMMARY
2. REPORT DETAILS

1. REPORT SUMMARY
-----------------
            Netlist: netlist
          Floorplan: design_1
      Design limits: <entire design considered>
             Max violations: <unlimited>
             Violations found: 5
+-----------+----------+-------------------------------+------------+
| Rule      | Severity | Description                   | Violations |
+-----------+----------+-------------------------------+------------+
| TIMING-18 | Warning  | Missing input or output delay | 5          |
+-----------+----------+-------------------------------+------------+

2. REPORT DETAILS
-----------------
TIMING-18#1 Warning
Missing input or output delay  
An input delay is missing on rst relative to clock(s) i_clock
Related violations: <none>

TIMING-18#2 Warning
Missing input or output delay  
An output delay is missing on o_led_drive[0] relative to clock(s) i_clock
Related violations: <none>

TIMING-18#3 Warning
Missing input or output delay  
An output delay is missing on o_led_drive[1] relative to clock(s) i_clock
Related violations: <none>

TIMING-18#4 Warning
Missing input or output delay  
An output delay is missing on o_led_drive[2] relative to clock(s) i_clock
Related violations: <none>

TIMING-18#5 Warning
Missing input or output delay  
An output delay is missing on o_led_drive[3] relative to clock(s) i_clock
Related violations: <none>


